// Jest Snapshot v1, https://goo.gl/fbAQLP

exports[`should render the NavBar component correctly with no props 1`] = `
<ContextConsumer>
  <Component />
</ContextConsumer>
`;
